---
source: tests/integration.rs
expression: "String::from_utf8_lossy(&output.get_output().stdout)"
---
🔍 Checking worktree 'to-delete'...
🗑️  Removing worktree...
🗑️  Deleting branch 'to-delete'...
✅ Branch deleted
✅ Worktree 'to-delete' deleted successfully
