---
source: tests/integration.rs
expression: redacted
---
🔍 Checking for invalid worktrees...
  ❌ Found invalid worktree: test-repo/invalid (/non/existent/path)
✅ Removed 1 invalid worktree
