---
source: tests/integration.rs
expression: "String::from_utf8_lossy(&output.get_output().stdout)"
---
ðŸ“­ No active worktrees
