---
source: tests/integration.rs
expression: redacted
---
➕ Adding worktree 'manual' to xlaude management...
✅ Worktree 'manual' added successfully
  Path: /tmp/TEST_DIR/test-repo-manual
