---
source: tests/integration.rs
expression: redacted_stdout
---
ðŸ“‹ Active worktrees:

  ðŸ“¦ test-repo
    â€¢ feature-a
      Path: /tmp/TEST_DIR/test-repo-feature-a
      Created: [TIMESTAMP]
    â€¢ feature-b
      Path: /tmp/TEST_DIR/test-repo-feature-b
      Created: [TIMESTAMP]
